BasicBlock,Condition,Cyclomatic,Oviedo,ChainSize,CompareSize,ComparesConstant,ComparesPointer,IsEquality,IsConstant,Cases
3,2181128231,11,56,8,16,1,0,1,0,0
4,2248417398,11,56,3,64,1,0,0,0,0
5,2450284899,11,56,3,64,1,0,0,0,0
6,3055887402,11,56,8,16,1,0,1,0,0
7,577727615,11,56,3,64,1,0,0,0,0
8,1733182846,11,56,3,64,1,0,0,0,0
9,2181140243,11,56,3,64,1,0,0,0,0
10,2248453434,11,56,3,64,1,0,0,0,0
13,2181136976,11,56,12,32,0,0,1,0,0
15,2181136910,11,56,3,64,1,0,0,0,0
