BasicBlock,Condition,Cyclomatic,Oviedo,ChainSize,CompareSize,ComparesConstant,ComparesPointer,IsEquality,IsConstant,Cases
