BasicBlock,Condition,Cyclomatic,Oviedo,ChainSize,CompareSize,ComparesConstant,ComparesPointer,IsEquality,IsConstant,Cases
2,2708771223,1,8,5,32,1,0,1,0,0
3,2708774193,9,139,2,0,1,1,1,0,0
5,2708765580,9,139,5,32,1,0,1,0,0
7,2708775744,9,139,4,0,1,1,1,0,0
9,2708774028,9,139,7,0,1,1,1,0,0
10,2708794719,9,139,7,0,1,1,1,0,0
12,2708790858,9,139,4,32,1,0,0,0,0
14,3831405279,9,139,6,32,0,0,1,0,0
16,2708784720,9,139,8,32,1,0,1,0,0
17,2904281246,9,139,6,32,0,0,1,0,0
