BasicBlock,Condition,Cyclomatic,Oviedo,ChainSize,CompareSize,ComparesConstant,ComparesPointer,IsEquality,IsConstant,Cases
2,2210428406,1,15,3,0,1,1,1,0,0
5,2210412698,2,21,1,0,1,1,1,0,0
7,2210410685,2,21,5,64,0,0,1,0,0
11,2210431805,2,9,3,0,1,1,1,0,0
14,2210413622,2,12,1,0,1,1,1,0,0
18,2210415008,5,34,1,0,1,1,1,0,0
20,2210421740,5,34,1,0,1,1,1,0,0
23,2210424314,5,34,1,0,1,1,1,0,0
26,2210431343,5,34,3,0,1,1,1,0,0
