BasicBlock,Condition,Cyclomatic,Oviedo,ChainSize,CompareSize,ComparesConstant,ComparesPointer,IsEquality,IsConstant,Cases
2,811718674,2,4,5,0,0,1,1,0,0
3,811752433,2,4,6,0,0,1,0,0,0
5,811706860,2,24,4,32,1,0,0,0,0
